{"status":true,"message":"api keys revoked successfully","data":null}
