{"status":false,"message":"failed to revoke api keys"}
