{"status":true,"message":"api keys fetched successfully","data":{"content":[{"uid":"12345","role":{"type":"","groups":null},"revoked":false}],"pagination":{"total":0,"page":0,"perPage":100,"prev":0,"next":0,"totalPage":0}}}
