{"uid":"","role":{"type":"admin","groups":["sendcash-pay"]},"revoked":false}