{"uid":"","role":{"type":"ui_admin","groups":["sendcash-pay"]},"revoked":false}