{"status":true,"message":"api key fetched successfully","data":{"uid":"12345","role":{"type":"","groups":null},"revoked":false}}
